2499 AAB AAC AAD AAE AAF AAG AAH AAI AAJ AAK AAL AAM AAN AAO AAP AAQ AAR AAS AAT AAU AAV AAW AAX AAY AAZ AA0 AA1 AA2 AA3 AA4 AA5 AA6 AA7 AA8 AA9 ABA ABB ABC ABD ABE ABF ABG ABH ABI ABJ ABK ABL ABM ABN ABO ABP ABQ ABR ABS ABT ABU ABV ABW ABX ABY ABZ AB0 AB1 AB2 AB3 AB4 AB5 AB6 AB7 AB8 AB9 ACA ACB ACC ACD ACE ACF ACG ACH ACI ACJ ACK ACL ACM ACN ACO ACP ACQ ACR ACS ACT ACU ACV ACW ACX ACY ACZ AC0 AC1 AC2 AC3 AC4 AC5 AC6 AC7 AC8 AC9 ADA ADB ADC ADD ADE ADF ADG ADH ADI ADJ ADK ADL ADM ADN ADO ADP ADQ ADR ADS ADT ADU ADV ADW ADX ADY ADZ AD0 AD1 AD2 AD3 AD4 AD5 AD6 AD7 AD8 AD9 AEA AEB AEC AED AEE AEF AEG AEH AEI AEJ AEK AEL AEM AEN AEO AEP AEQ AER AES AET AEU AEV AEW AEX AEY AEZ AE0 AE1 AE2 AE3 AE4 AE5 AE6 AE7 AE8 AE9 AFA AFB AFC AFD AFE AFF AFG AFH AFI AFJ AFK AFL AFM AFN AFO AFP AFQ AFR AFS AFT AFU AFV AFW AFX AFY AFZ AF0 AF1 AF2 AF3 AF4 AF5 AF6 AF7 AF8 AF9 AGA AGB AGC AGD AGE AGF AGG AGH AGI AGJ AGK AGL AGM AGN AGO AGP AGQ AGR AGS AGT AGU AGV AGW AGX AGY AGZ AG0 AG1 AG2 AG3 AG4 AG5 AG6 AG7 AG8 AG9 AHA AHB AHC AHD AHE AHF AHG AHH AHI AHJ AHK AHL AHM AHN AHO AHP AHQ AHR AHS AHT AHU AHV AHW AHX AHY AHZ AH0 AH1 AH2 AH3 AH4 AH5 AH6 AH7 AH8 AH9 AIA AIB AIC AID AIE AIF AIG AIH AII AIJ AIK AIL AIM AIN AIO AIP AIQ AIR AIS AIT AIU AIV AIW AIX AIY AIZ AI0 AI1 AI2 AI3 AI4 AI5 AI6 AI7 AI8 AI9 AJA AJB AJC AJD AJE AJF AJG AJH AJI AJJ AJK AJL AJM AJN AJO AJP AJQ AJR AJS AJT AJU AJV AJW AJX AJY AJZ AJ0 AJ1 AJ2 AJ3 AJ4 AJ5 AJ6 AJ7 AJ8 AJ9 AKA AKB AKC AKD AKE AKF AKG AKH AKI AKJ AKK AKL AKM AKN AKO AKP AKQ AKR AKS AKT AKU AKV AKW AKX AKY AKZ AK0 AK1 AK2 AK3 AK4 AK5 AK6 AK7 AK8 AK9 ALA ALB ALC ALD ALE ALF ALG ALH ALI ALJ ALK ALL ALM ALN ALO ALP ALQ ALR ALS ALT ALU ALV ALW ALX ALY ALZ AL0 AL1 AL2 AL3 AL4 AL5 AL6 AL7 AL8 AL9 AMA AMB AMC AMD AME AMF AMG AMH AMI AMJ AMK AML AMM AMN AMO AMP AMQ AMR AMS AMT AMU AMV AMW AMX AMY AMZ AM0 AM1 AM2 AM3 AM4 AM5 AM6 AM7 AM8 AM9 ANA ANB ANC AND ANE ANF ANG ANH ANI ANJ ANK ANL ANM ANN ANO ANP ANQ ANR ANS ANT ANU ANV ANW ANX ANY ANZ AN0 AN1 AN2 AN3 AN4 AN5 AN6 AN7 AN8 AN9 AOA AOB AOC AOD AOE AOF AOG AOH AOI AOJ AOK AOL AOM AON AOO AOP AOQ AOR AOS AOT AOU AOV AOW AOX AOY AOZ AO0 AO1 AO2 AO3 AO4 AO5 AO6 AO7 AO8 AO9 APA APB APC APD APE APF APG APH API APJ APK APL APM APN APO APP APQ APR APS APT APU APV APW APX APY APZ AP0 AP1 AP2 AP3 AP4 AP5 AP6 AP7 AP8 AP9 AQA AQB AQC AQD AQE AQF AQG AQH AQI AQJ AQK AQL AQM AQN AQO AQP AQQ AQR AQS AQT AQU AQV AQW AQX AQY AQZ AQ0 AQ1 AQ2 AQ3 AQ4 AQ5 AQ6 AQ7 AQ8 AQ9 ARA ARB ARC ARD ARE ARF ARG ARH ARI ARJ ARK ARL ARM ARN ARO ARP ARQ ARR ARS ART ARU ARV ARW ARX ARY ARZ AR0 AR1 AR2 AR3 AR4 AR5 AR6 AR7 AR8 AR9 ASA ASB ASC ASD ASE ASF ASG ASH ASI ASJ ASK ASL ASM ASN ASO ASP ASQ ASR ASS AST ASU ASV ASW ASX ASY ASZ AS0 AS1 AS2 AS3 AS4 AS5 AS6 AS7 AS8 AS9 ATA ATB ATC ATD ATE ATF ATG ATH ATI ATJ ATK ATL ATM ATN ATO ATP ATQ ATR ATS ATT ATU ATV ATW ATX ATY ATZ AT0 AT1 AT2 AT3 AT4 AT5 AT6 AT7 AT8 AT9 AUA AUB AUC AUD AUE AUF AUG AUH AUI AUJ AUK AUL AUM AUN AUO AUP AUQ AUR AUS AUT AUU AUV AUW AUX AUY AUZ AU0 AU1 AU2 AU3 AU4 AU5 AU6 AU7 AU8 AU9 AVA AVB AVC AVD AVE AVF AVG AVH AVI AVJ AVK AVL AVM AVN AVO AVP AVQ AVR AVS AVT AVU AVV AVW AVX AVY AVZ AV0 AV1 AV2 AV3 AV4 AV5 AV6 AV7 AV8 AV9 AWA AWB AWC AWD AWE AWF AWG AWH AWI AWJ AWK AWL AWM AWN AWO AWP AWQ AWR AWS AWT AWU AWV AWW AWX AWY AWZ AW0 AW1 AW2 AW3 AW4 AW5 AW6 AW7 AW8 AW9 AXA AXB AXC AXD AXE AXF AXG AXH AXI AXJ AXK AXL AXM AXN AXO AXP AXQ AXR AXS AXT AXU AXV AXW AXX AXY AXZ AX0 AX1 AX2 AX3 AX4 AX5 AX6 AX7 AX8 AX9 AYA AYB AYC AYD AYE AYF AYG AYH AYI AYJ AYK AYL AYM AYN AYO AYP AYQ AYR AYS AYT AYU AYV AYW AYX AYY AYZ AY0 AY1 AY2 AY3 AY4 AY5 AY6 AY7 AY8 AY9 AZA AZB AZC AZD AZE AZF AZG AZH AZI AZJ AZK AZL AZM AZN AZO AZP AZQ AZR AZS AZT AZU AZV AZW AZX AZY AZZ AZ0 AZ1 AZ2 AZ3 AZ4 AZ5 AZ6 AZ7 AZ8 AZ9 A0A A0B A0C A0D A0E A0F A0G A0H A0I A0J A0K A0L A0M A0N A0O A0P A0Q A0R A0S A0T A0U A0V A0W A0X A0Y A0Z A00 A01 A02 A03 A04 A05 A06 A07 A08 A09 A1A A1B A1C A1D A1E A1F A1G A1H A1I A1J A1K A1L A1M A1N A1O A1P A1Q A1R A1S A1T A1U A1V A1W A1X A1Y A1Z A10 A11 A12 A13 A14 A15 A16 A17 A18 A19 A2A A2B A2C A2D A2E A2F A2G A2H A2I A2J A2K A2L A2M A2N A2O A2P A2Q A2R A2S A2T A2U A2V A2W A2X A2Y A2Z A20 A21 A22 A23 A24 A25 A26 A27 A28 A29 A3A A3B A3C A3D A3E A3F A3G A3H A3I A3J A3K A3L A3M A3N A3O A3P A3Q A3R A3S A3T A3U A3V A3W A3X A3Y A3Z A30 A31 A32 A33 A34 A35 A36 A37 A38 A39 A4A A4B A4C A4D A4E A4F A4G A4H A4I A4J A4K A4L A4M A4N A4O A4P A4Q A4R A4S A4T A4U A4V A4W A4X A4Y A4Z A40 A41 A42 A43 A44 A45 A46 A47 A48 A49 A5A A5B A5C A5D A5E A5F A5G A5H A5I A5J A5K A5L A5M A5N A5O A5P A5Q A5R A5S A5T A5U A5V A5W A5X A5Y A5Z A50 A51 A52 A53 A54 A55 A56 A57 A58 A59 A6A A6B A6C A6D A6E A6F A6G A6H A6I A6J A6K A6L A6M A6N A6O A6P A6Q A6R A6S A6T A6U A6V A6W A6X A6Y A6Z A60 A61 A62 A63 A64 A65 A66 A67 A68 A69 A7A A7B A7C A7D A7E A7F A7G A7H A7I A7J A7K A7L A7M A7N A7O A7P A7Q A7R A7S A7T A7U A7V A7W A7X A7Y A7Z A70 A71 A72 A73 A74 A75 A76 A77 A78 A79 A8A A8B A8C A8D A8E A8F A8G A8H A8I A8J A8K A8L A8M A8N A8O A8P A8Q A8R A8S A8T A8U A8V A8W A8X A8Y A8Z A80 A81 A82 A83 A84 A85 A86 A87 A88 A89 A9A A9B A9C A9D A9E A9F A9G A9H A9I A9J A9K A9L A9M A9N A9O A9P A9Q A9R A9S A9T A9U A9V A9W A9X A9Y A9Z A90 A91 A92 A93 A94 A95 A96 A97 A98 A99 BAA BAB BAC BAD BAE BAF BAG BAH BAI BAJ BAK BAL BAM BAN BAO BAP BAQ BAR BAS BAT BAU BAV BAW BAX BAY BAZ BA0 BA1 BA2 BA3 BA4 BA5 BA6 BA7 BA8 BA9 BBA BBB BBC BBD BBE BBF BBG BBH BBI BBJ BBK BBL BBM BBN BBO BBP BBQ BBR BBS BBT BBU BBV BBW BBX BBY BBZ BB0 BB1 BB2 BB3 BB4 BB5 BB6 BB7 BB8 BB9 BCA BCB BCC BCD BCE BCF BCG BCH BCI BCJ BCK BCL BCM BCN BCO BCP BCQ BCR BCS BCT BCU BCV BCW BCX BCY BCZ BC0 BC1 BC2 BC3 BC4 BC5 BC6 BC7 BC8 BC9 BDA BDB BDC BDD BDE BDF BDG BDH BDI BDJ BDK BDL BDM BDN BDO BDP BDQ BDR BDS BDT BDU BDV BDW BDX BDY BDZ BD0 BD1 BD2 BD3 BD4 BD5 BD6 BD7 BD8 BD9 BEA BEB BEC BED BEE BEF BEG BEH BEI BEJ BEK BEL BEM BEN BEO BEP BEQ BER BES BET BEU BEV BEW BEX BEY BEZ BE0 BE1 BE2 BE3 BE4 BE5 BE6 BE7 BE8 BE9 BFA BFB BFC BFD BFE BFF BFG BFH BFI BFJ BFK BFL BFM BFN BFO BFP BFQ BFR BFS BFT BFU BFV BFW BFX BFY BFZ BF0 BF1 BF2 BF3 BF4 BF5 BF6 BF7 BF8 BF9 BGA BGB BGC BGD BGE BGF BGG BGH BGI BGJ BGK BGL BGM BGN BGO BGP BGQ BGR BGS BGT BGU BGV BGW BGX BGY BGZ BG0 BG1 BG2 BG3 BG4 BG5 BG6 BG7 BG8 BG9 BHA BHB BHC BHD BHE BHF BHG BHH BHI BHJ BHK BHL BHM BHN BHO BHP BHQ BHR BHS BHT BHU BHV BHW BHX BHY BHZ BH0 BH1 BH2 BH3 BH4 BH5 BH6 BH7 BH8 BH9 BIA BIB BIC BID BIE BIF BIG BIH BII BIJ BIK BIL BIM BIN BIO BIP BIQ BIR BIS BIT BIU BIV BIW BIX BIY BIZ BI0 BI1 BI2 BI3 BI4 BI5 BI6 BI7 BI8 BI9 BJA BJB BJC BJD BJE BJF BJG BJH BJI BJJ BJK BJL BJM BJN BJO BJP BJQ BJR BJS BJT BJU BJV BJW BJX BJY BJZ BJ0 BJ1 BJ2 BJ3 BJ4 BJ5 BJ6 BJ7 BJ8 BJ9 BKA BKB BKC BKD BKE BKF BKG BKH BKI BKJ BKK BKL BKM BKN BKO BKP BKQ BKR BKS BKT BKU BKV BKW BKX BKY BKZ BK0 BK1 BK2 BK3 BK4 BK5 BK6 BK7 BK8 BK9 BLA BLB BLC BLD BLE BLF BLG BLH BLI BLJ BLK BLL BLM BLN BLO BLP BLQ BLR BLS BLT BLU BLV BLW BLX BLY BLZ BL0 BL1 BL2 BL3 BL4 BL5 BL6 BL7 BL8 BL9 BMA BMB BMC BMD BME BMF BMG BMH BMI BMJ BMK BML BMM BMN BMO BMP BMQ BMR BMS BMT BMU BMV BMW BMX BMY BMZ BM0 BM1 BM2 BM3 BM4 BM5 BM6 BM7 BM8 BM9 BNA BNB BNC BND BNE BNF BNG BNH BNI BNJ BNK BNL BNM BNN BNO BNP BNQ BNR BNS BNT BNU BNV BNW BNX BNY BNZ BN0 BN1 BN2 BN3 BN4 BN5 BN6 BN7 BN8 BN9 BOA BOB BOC BOD BOE BOF BOG BOH BOI BOJ BOK BOL BOM BON BOO BOP BOQ BOR BOS BOT BOU BOV BOW BOX BOY BOZ BO0 BO1 BO2 BO3 BO4 BO5 BO6 BO7 BO8 BO9 BPA BPB BPC BPD BPE BPF BPG BPH BPI BPJ BPK BPL BPM BPN BPO BPP BPQ BPR BPS BPT BPU BPV BPW BPX BPY BPZ BP0 BP1 BP2 BP3 BP4 BP5 BP6 BP7 BP8 BP9 BQA BQB BQC BQD BQE BQF BQG BQH BQI BQJ BQK BQL BQM BQN BQO BQP BQQ BQR BQS BQT BQU BQV BQW BQX BQY BQZ BQ0 BQ1 BQ2 BQ3 BQ4 BQ5 BQ6 BQ7 BQ8 BQ9 BRA BRB BRC BRD BRE BRF BRG BRH BRI BRJ BRK BRL BRM BRN BRO BRP BRQ BRR BRS BRT BRU BRV BRW BRX BRY BRZ BR0 BR1 BR2 BR3 BR4 BR5 BR6 BR7 BR8 BR9 BSA BSB BSC BSD BSE BSF BSG BSH BSI BSJ BSK BSL BSM BSN BSO BSP BSQ BSR BSS BST BSU BSV BSW BSX BSY BSZ BS0 BS1 BS2 BS3 BS4 BS5 BS6 BS7 BS8 BS9 BTA BTB BTC BTD BTE BTF BTG BTH BTI BTJ BTK BTL BTM BTN BTO BTP BTQ BTR BTS BTT BTU BTV BTW BTX BTY BTZ BT0 BT1 BT2 BT3 BT4 BT5 BT6 BT7 BT8 BT9 BUA BUB BUC BUD BUE BUF BUG BUH BUI BUJ BUK BUL BUM BUN BUO BUP BUQ BUR BUS BUT BUU BUV BUW BUX BUY BUZ BU0 BU1 BU2 BU3 BU4 BU5 BU6 BU7 BU8 BU9 BVA BVB BVC BVD BVE BVF BVG BVH BVI BVJ BVK BVL BVM BVN BVO BVP BVQ BVR BVS BVT BVU BVV BVW BVX BVY BVZ BV0 BV1 BV2 BV3 BV4 BV5 BV6 BV7 BV8 BV9 BWA BWB BWC BWD BWE BWF BWG BWH BWI BWJ BWK BWL BWM BWN BWO BWP BWQ BWR BWS BWT BWU BWV BWW BWX BWY BWZ BW0 BW1 BW2 BW3 BW4 BW5 BW6 BW7 BW8 BW9 BXA BXB BXC BXD BXE BXF BXG BXH BXI BXJ BXK BXL BXM BXN BXO BXP BXQ BXR BXS BXT BXU BXV BXW BXX BXY BXZ BX0 BX1 BX2 BX3 BX4 BX5 BX6 BX7 BX8 BX9 BYA BYB BYC BYD BYE BYF BYG BYH BYI BYJ BYK BYL BYM BYN BYO BYP BYQ BYR BYS BYT BYU BYV BYW BYX BYY BYZ BY0 BY1 BY2 BY3 BY4 BY5 BY6 BY7 BY8 BY9 BZA BZB BZC BZD BZE BZF BZG BZH BZI BZJ BZK BZL BZM BZN BZO BZP BZQ BZR BZS BZT BZU BZV BZW BZX BZY BZZ BZ0 BZ1 BZ2 BZ3 BZ4 BZ5 BZ6 BZ7 BZ8 BZ9 B0A B0B B0C B0D B0E B0F B0G B0H B0I B0J B0K B0L B0M B0N B0O B0P B0Q B0R B0S B0T B0U B0V B0W B0X B0Y B0Z B00 B01 B02 B03 B04 B05 B06 B07 B08 B09 B1A B1B B1C B1D B1E B1F B1G B1H B1I B1J B1K B1L B1M B1N B1O B1P B1Q B1R B1S B1T B1U B1V B1W B1X B1Y B1Z B10 B11 B12 B13 B14 B15 B16 B17 B18 B19 B2A B2B B2C B2D B2E B2F B2G B2H B2I B2J B2K B2L B2M B2N B2O B2P B2Q B2R B2S B2T B2U B2V B2W B2X B2Y B2Z B20 B21 B22 B23 B24 B25 B26 B27 B28 B29 B3A B3B B3C B3D B3E B3F B3G B3H B3I B3J B3K B3L B3M B3N B3O B3P B3Q B3R B3S B3T B3U B3V B3W B3X B3Y B3Z B30 B31 B32 B33 B34 B35 B36 B37 B38 B39 B4A B4B B4C B4D B4E B4F B4G B4H B4I B4J B4K B4L B4M B4N B4O B4P B4Q B4R B4S B4T B4U B4V B4W B4X B4Y B4Z B40 B41 B42 B43 B44 B45 B46 B47 B48 B49 B5A B5B B5C B5D B5E B5F B5G B5H B5I B5J B5K B5L B5M B5N B5O B5P B5Q B5R B5S B5T B5U B5V B5W B5X B5Y B5Z B50 B51 B52 B53 B54 B55 B56 B57 B58 B59 B6A B6B B6C B6D B6E B6F B6G B6H B6I B6J B6K B6L B6M B6N B6O B6P B6Q B6R B6S B6T B6U B6V B6W B6X B6Y B6Z B60 B61 B62 B63 B64 B65 B66 B67 B68 B69 B7A B7B B7C B7D B7E B7F B7G B7H B7I B7J B7K B7L B7M B7N B7O
